

================================================================
== Vitis HLS Report for 'fir'
================================================================
* Date:           Sun Oct  5 20:30:36 2025

* Version:        2024.2.2 (Build 6049644 on Mar  5 2025)
* Project:        fir.comp
* Solution:       hls (Vivado IP Flow Target)
* Product family: zynq
* Target device:  xc7z020-clg400-1


================================================================
== Performance Estimates
================================================================
+ Timing: 
    * Summary: 
    +--------+----------+----------+------------+
    |  Clock |  Target  | Estimated| Uncertainty|
    +--------+----------+----------+------------+
    |ap_clk  |  10.00 ns|  6.912 ns|     2.70 ns|
    +--------+----------+----------+------------+

+ Latency: 
    * Summary: 
    +---------+---------+----------+----------+-----+-----+---------+
    |  Latency (cycles) |  Latency (absolute) |  Interval | Pipeline|
    |   min   |   max   |    min   |    max   | min | max |   Type  |
    +---------+---------+----------+----------+-----+-----+---------+
    |       19|       19|  0.190 us|  0.190 us|   20|   20|       no|
    +---------+---------+----------+----------+-----+-----+---------+

    + Detail: 
        * Instance: 
        +-----------------------------------------+-------------------------------+---------+---------+----------+----------+-----+-----+------------------------------------------------+
        |                                         |                               |  Latency (cycles) |  Latency (absolute) |  Interval |                    Pipeline                    |
        |                 Instance                |             Module            |   min   |   max   |    min   |    max   | min | max |                      Type                      |
        +-----------------------------------------+-------------------------------+---------+---------+----------+----------+-----+-----+------------------------------------------------+
        |grp_fir_Pipeline_Shift_Accum_Loop_fu_55  |fir_Pipeline_Shift_Accum_Loop  |       16|       16|  0.160 us|  0.160 us|   11|   11|  loop auto-rewind stp (delay=0 clock cycles(s))|
        +-----------------------------------------+-------------------------------+---------+---------+----------+----------+-----+-----+------------------------------------------------+

        * Loop: 
        N/A



================================================================
== Utilization Estimates
================================================================
* Summary: 
+-----------------+---------+-----+--------+-------+-----+
|       Name      | BRAM_18K| DSP |   FF   |  LUT  | URAM|
+-----------------+---------+-----+--------+-------+-----+
|DSP              |        -|    -|       -|      -|    -|
|Expression       |        -|    -|       0|    103|    -|
|FIFO             |        -|    -|       -|      -|    -|
|Instance         |        0|    2|     600|    255|    0|
|Memory           |        -|    -|       -|      -|    -|
|Multiplexer      |        -|    -|       0|     25|    -|
|Register         |        -|    -|     133|      -|    -|
+-----------------+---------+-----+--------+-------+-----+
|Total            |        0|    2|     733|    383|    0|
+-----------------+---------+-----+--------+-------+-----+
|Available        |      280|  220|  106400|  53200|    0|
+-----------------+---------+-----+--------+-------+-----+
|Utilization (%)  |        0|   ~0|      ~0|     ~0|    0|
+-----------------+---------+-----+--------+-------+-----+

+ Detail: 
    * Instance: 
    +-----------------------------------------+-------------------------------+---------+----+-----+-----+-----+
    |                 Instance                |             Module            | BRAM_18K| DSP|  FF | LUT | URAM|
    +-----------------------------------------+-------------------------------+---------+----+-----+-----+-----+
    |grp_fir_Pipeline_Shift_Accum_Loop_fu_55  |fir_Pipeline_Shift_Accum_Loop  |        0|   2|  600|  255|    0|
    +-----------------------------------------+-------------------------------+---------+----+-----+-----+-----+
    |Total                                    |                               |        0|   2|  600|  255|    0|
    +-----------------------------------------+-------------------------------+---------+----+-----+-----+-----+

    * DSP: 
    N/A

    * Memory: 
    N/A

    * FIFO: 
    N/A

    * Expression: 
    +----------------+----------+----+---+----+------------+------------+
    |  Variable Name | Operation| DSP| FF| LUT| Bitwidth P0| Bitwidth P1|
    +----------------+----------+----+---+----+------------+------------+
    |mul_fu_94_p2    |         +|   0|  0|  32|          32|          32|
    |p_add_fu_89_p2  |         +|   0|  0|  32|          32|          32|
    |p_sub_fu_78_p2  |         -|   0|  0|  39|          32|          32|
    +----------------+----------+----+---+----+------------+------------+
    |Total           |          |   0|  0| 103|          96|          96|
    +----------------+----------+----+---+----+------------+------------+

    * Multiplexer: 
    +-----------+----+-----------+-----+-----------+
    |    Name   | LUT| Input Size| Bits| Total Bits|
    +-----------+----+-----------+-----+-----------+
    |ap_NS_fsm  |  25|          5|    1|          5|
    +-----------+----+-----------+-----+-----------+
    |Total      |  25|          5|    1|          5|
    +-----------+----+-----------+-----+-----------+

    * Register: 
    +------------------------------------------------------+----+----+-----+-----------+
    |                         Name                         | FF | LUT| Bits| Const Bits|
    +------------------------------------------------------+----+----+-----+-----------+
    |acc_1_loc_fu_38                                       |  32|   0|   32|          0|
    |ap_CS_fsm                                             |   4|   0|    4|          0|
    |grp_fir_Pipeline_Shift_Accum_Loop_fu_55_ap_start_reg  |   1|   0|    1|          0|
    |mul_reg_122                                           |  32|   0|   32|          0|
    |p_sub_reg_117                                         |  32|   0|   32|          0|
    |x_read_reg_104                                        |  32|   0|   32|          0|
    +------------------------------------------------------+----+----+-----+-----------+
    |Total                                                 | 133|   0|  133|          0|
    +------------------------------------------------------+----+----+-----+-----------+



================================================================
== Interface
================================================================
* Summary: 
+----------+-----+-----+------------+--------------+--------------+
| RTL Ports| Dir | Bits|  Protocol  | Source Object|    C Type    |
+----------+-----+-----+------------+--------------+--------------+
|ap_clk    |   in|    1|  ap_ctrl_hs|           fir|  return value|
|ap_rst    |   in|    1|  ap_ctrl_hs|           fir|  return value|
|ap_start  |   in|    1|  ap_ctrl_hs|           fir|  return value|
|ap_done   |  out|    1|  ap_ctrl_hs|           fir|  return value|
|ap_idle   |  out|    1|  ap_ctrl_hs|           fir|  return value|
|ap_ready  |  out|    1|  ap_ctrl_hs|           fir|  return value|
|y         |  out|   32|      ap_vld|             y|       pointer|
|y_ap_vld  |  out|    1|      ap_vld|             y|       pointer|
|x         |   in|   32|     ap_none|             x|        scalar|
+----------+-----+-----+------------+--------------+--------------+

